// Jest Snapshot v1, https://goo.gl/fbAQLP

exports[`should match a snapshot 1`] = `
<h1>
  Hello 
  Adam Wysocki
  !
</h1>
`;
