// Jest Snapshot v1, https://goo.gl/fbAQLP

exports[`tests for properCase util function should match a snapshot 1`] = `"Miley Cyrus"`;
